ARM GAS  /var/folders/mp/0fn2nbq56j336psbqn3dxy_w0000gn/T//cc25veDh.s 			page 1


   1              		.cpu cortex-m7
   2              		.arch armv7e-m
   3              		.fpu fpv5-d16
   4              		.eabi_attribute 28, 1
   5              		.eabi_attribute 20, 1
   6              		.eabi_attribute 21, 1
   7              		.eabi_attribute 23, 3
   8              		.eabi_attribute 24, 1
   9              		.eabi_attribute 25, 1
  10              		.eabi_attribute 26, 1
  11              		.eabi_attribute 30, 2
  12              		.eabi_attribute 34, 1
  13              		.eabi_attribute 18, 4
  14              		.file	"biquad.cpp"
  15              		.text
  16              		.section	.text._ZN7daisysp6Biquad5ResetEv,"ax",%progbits
  17              		.align	1
  18              		.p2align 2,,3
  19              		.global	_ZN7daisysp6Biquad5ResetEv
  20              		.syntax unified
  21              		.thumb
  22              		.thumb_func
  24              	_ZN7daisysp6Biquad5ResetEv:
  25              		@ args = 0, pretend = 0, frame = 0
  26              		@ frame_needed = 0, uses_anonymous_args = 0
  27 0000 D0ED097A 		vldr.32	s15, [r0, #36]
  28 0004 10B5     		push	{r4, lr}
  29 0006 2DED088B 		vpush.64	{d8, d9, d10, d11}
  30 000a 90ED01AA 		vldr.32	s20, [r0, #4]
  31 000e 0446     		mov	r4, r0
  32 0010 D0ED028A 		vldr.32	s17, [r0, #8]
  33 0014 F7EE00AA 		vmov.f32	s21, #1.0e+0
  34 0018 2AEE27AA 		vmul.f32	s20, s20, s15
  35 001c 38EEA88A 		vadd.f32	s16, s17, s17
  36 0020 28EEA8BA 		vmul.f32	s22, s17, s17
  37 0024 7AEE0A9A 		vadd.f32	s19, s20, s20
  38 0028 B0EE4A0A 		vmov.f32	s0, s20
  39 002c FFF7FEFF 		bl	cosf
  40 0030 B0EE409A 		vmov.f32	s18, s0
  41 0034 B0EE690A 		vmov.f32	s0, s19
  42 0038 FFF7FEFF 		bl	cosf
  43 003c F0EE407A 		vmov.f32	s15, s0
  44 0040 28EE098A 		vmul.f32	s16, s16, s18
  45 0044 B0EE690A 		vmov.f32	s0, s19
  46 0048 F0EE6A9A 		vmov.f32	s19, s21
  47 004c 79EE2AAA 		vadd.f32	s21, s18, s21
  48 0050 E9EE489A 		vfms.f32	s19, s18, s16
  49 0054 EBEE279A 		vfma.f32	s19, s22, s15
  50 0058 FFF7FEFF 		bl	sinf
  51 005c F0EE407A 		vmov.f32	s15, s0
  52 0060 B0EE4A0A 		vmov.f32	s0, s20
  53 0064 B0EE67AA 		vmov.f32	s20, s15
  54 0068 FFF7FEFF 		bl	sinf
  55 006c 20EE488A 		vnmul.f32	s16, s0, s16
  56 0070 ABEE0A8A 		vfma.f32	s16, s22, s20
  57 0074 60EE087A 		vmul.f32	s15, s0, s16
  58 0078 B0EE677A 		vmov.f32	s14, s15
ARM GAS  /var/folders/mp/0fn2nbq56j336psbqn3dxy_w0000gn/T//cc25veDh.s 			page 2


  59 007c E9EEAA7A 		vfma.f32	s15, s19, s21
  60 0080 99EEAA7A 		vfnms.f32	s14, s19, s21
  61 0084 27EE077A 		vmul.f32	s14, s14, s14
  62 0088 A7EEA77A 		vfma.f32	s14, s15, s15
  63 008c B5EE407A 		vcmp.f32	s14, #0
  64 0090 F1EE10FA 		vmrs	APSR_nzcv, FPSCR
  65 0094 21D4     		bmi	.L6
  66 0096 B1EEC70A 		vsqrt.f32	s0, s14
  67              	.L4:
  68 009a 4FF07E53 		mov	r3, #1065353216
  69 009e 0022     		movs	r2, #0
  70 00a0 84ED08BA 		vstr.32	s22, [r4, #32]
  71 00a4 6261     		str	r2, [r4, #20]	@ float
  72 00a6 A361     		str	r3, [r4, #24]	@ float
  73 00a8 28EE088A 		vmul.f32	s16, s16, s16
  74 00ac B7EE087A 		vmov.f32	s14, #1.5e+0
  75 00b0 F8EE007A 		vmov.f32	s15, #-2.0e+0
  76 00b4 A9EEA98A 		vfma.f32	s16, s19, s19
  77 00b8 68EEA77A 		vmul.f32	s15, s17, s15
  78 00bc 67EE898A 		vmul.f32	s17, s15, s18
  79 00c0 28EE078A 		vmul.f32	s16, s16, s14
  80 00c4 C4ED078A 		vstr.32	s17, [r4, #28]
  81 00c8 C8EE007A 		vdiv.f32	s15, s16, s0
  82 00cc BDEC088B 		vldm	sp!, {d8-d11}
  83 00d0 C4ED037A 		vstr.32	s15, [r4, #12]
  84 00d4 C4ED047A 		vstr.32	s15, [r4, #16]
  85 00d8 10BD     		pop	{r4, pc}
  86              	.L6:
  87 00da B0EE470A 		vmov.f32	s0, s14
  88 00de FFF7FEFF 		bl	sqrtf
  89 00e2 D4ED028A 		vldr.32	s17, [r4, #8]
  90 00e6 28EEA8BA 		vmul.f32	s22, s17, s17
  91 00ea D6E7     		b	.L4
  93              		.section	.text._ZN7daisysp6Biquad4InitEf,"ax",%progbits
  94              		.align	1
  95              		.p2align 2,,3
  96              		.global	_ZN7daisysp6Biquad4InitEf
  97              		.syntax unified
  98              		.thumb
  99              		.thumb_func
 101              	_ZN7daisysp6Biquad4InitEf:
 102              		@ args = 0, pretend = 0, frame = 0
 103              		@ frame_needed = 0, uses_anonymous_args = 0
 104 0000 9FED0A7A 		vldr.32	s14, .L11
 105 0004 0A4B     		ldr	r3, .L11+4
 106 0006 C7EE007A 		vdiv.f32	s15, s14, s0
 107 000a 0A4A     		ldr	r2, .L11+8
 108 000c 8360     		str	r3, [r0, #8]	@ float
 109 000e 80ED000A 		vstr.32	s0, [r0]
 110 0012 4260     		str	r2, [r0, #4]	@ float
 111 0014 10B5     		push	{r4, lr}
 112 0016 0446     		mov	r4, r0
 113 0018 C0ED097A 		vstr.32	s15, [r0, #36]
 114 001c FFF7FEFF 		bl	_ZN7daisysp6Biquad5ResetEv
 115 0020 0023     		movs	r3, #0
 116 0022 6363     		str	r3, [r4, #52]	@ float
 117 0024 2363     		str	r3, [r4, #48]	@ float
ARM GAS  /var/folders/mp/0fn2nbq56j336psbqn3dxy_w0000gn/T//cc25veDh.s 			page 3


 118 0026 E362     		str	r3, [r4, #44]	@ float
 119 0028 A362     		str	r3, [r4, #40]	@ float
 120 002a 10BD     		pop	{r4, pc}
 121              	.L12:
 122              		.align	2
 123              	.L11:
 124 002c DB0FC940 		.word	1086918619
 125 0030 3333333F 		.word	1060320051
 126 0034 0000FA43 		.word	1140457472
 128              		.section	.text._ZN7daisysp6Biquad7ProcessEf,"ax",%progbits
 129              		.align	1
 130              		.p2align 2,,3
 131              		.global	_ZN7daisysp6Biquad7ProcessEf
 132              		.syntax unified
 133              		.thumb
 134              		.thumb_func
 136              	_ZN7daisysp6Biquad7ProcessEf:
 137              		@ args = 0, pretend = 0, frame = 0
 138              		@ frame_needed = 0, uses_anonymous_args = 0
 139              		@ link register save eliminated.
 140 0000 D0ED0A6A 		vldr.32	s13, [r0, #40]
 141 0004 D0ED047A 		vldr.32	s15, [r0, #16]
 142 0008 90ED036A 		vldr.32	s12, [r0, #12]
 143 000c 66EEA77A 		vmul.f32	s15, s13, s15
 144 0010 90ED0B4A 		vldr.32	s8, [r0, #44]
 145 0014 D0ED053A 		vldr.32	s7, [r0, #20]
 146 0018 90ED0C7A 		vldr.32	s14, [r0, #48]
 147 001c E6EE007A 		vfma.f32	s15, s12, s0
 148 0020 D0ED074A 		vldr.32	s9, [r0, #28]
 149 0024 D0ED0D5A 		vldr.32	s11, [r0, #52]
 150 0028 90ED085A 		vldr.32	s10, [r0, #32]
 151 002c 90ED066A 		vldr.32	s12, [r0, #24]
 152 0030 80ED0A0A 		vstr.32	s0, [r0, #40]
 153 0034 C0ED0B6A 		vstr.32	s13, [r0, #44]
 154 0038 E3EE847A 		vfma.f32	s15, s7, s8
 155 003c 80ED0D7A 		vstr.32	s14, [r0, #52]
 156 0040 E4EEC77A 		vfms.f32	s15, s9, s14
 157 0044 E5EE657A 		vfms.f32	s15, s10, s11
 158 0048 87EE860A 		vdiv.f32	s0, s15, s12
 159 004c 80ED0C0A 		vstr.32	s0, [r0, #48]
 160 0050 7047     		bx	lr
 162 0052 00BF     		.ident	"GCC: (GNU Arm Embedded Toolchain 10.3-2021.10) 10.3.1 20210824 (release)"
ARM GAS  /var/folders/mp/0fn2nbq56j336psbqn3dxy_w0000gn/T//cc25veDh.s 			page 4


DEFINED SYMBOLS
                            *ABS*:0000000000000000 biquad.cpp
/var/folders/mp/0fn2nbq56j336psbqn3dxy_w0000gn/T//cc25veDh.s:17     .text._ZN7daisysp6Biquad5ResetEv:0000000000000000 $t
/var/folders/mp/0fn2nbq56j336psbqn3dxy_w0000gn/T//cc25veDh.s:24     .text._ZN7daisysp6Biquad5ResetEv:0000000000000000 _ZN7daisysp6Biquad5ResetEv
/var/folders/mp/0fn2nbq56j336psbqn3dxy_w0000gn/T//cc25veDh.s:94     .text._ZN7daisysp6Biquad4InitEf:0000000000000000 $t
/var/folders/mp/0fn2nbq56j336psbqn3dxy_w0000gn/T//cc25veDh.s:101    .text._ZN7daisysp6Biquad4InitEf:0000000000000000 _ZN7daisysp6Biquad4InitEf
/var/folders/mp/0fn2nbq56j336psbqn3dxy_w0000gn/T//cc25veDh.s:124    .text._ZN7daisysp6Biquad4InitEf:000000000000002c $d
/var/folders/mp/0fn2nbq56j336psbqn3dxy_w0000gn/T//cc25veDh.s:129    .text._ZN7daisysp6Biquad7ProcessEf:0000000000000000 $t
/var/folders/mp/0fn2nbq56j336psbqn3dxy_w0000gn/T//cc25veDh.s:136    .text._ZN7daisysp6Biquad7ProcessEf:0000000000000000 _ZN7daisysp6Biquad7ProcessEf

UNDEFINED SYMBOLS
cosf
sinf
sqrtf
