ARM GAS  /var/folders/mp/0fn2nbq56j336psbqn3dxy_w0000gn/T//ccU2bU0C.s 			page 1


   1              		.cpu cortex-m7
   2              		.arch armv7e-m
   3              		.fpu fpv5-d16
   4              		.eabi_attribute 28, 1
   5              		.eabi_attribute 20, 1
   6              		.eabi_attribute 21, 1
   7              		.eabi_attribute 23, 3
   8              		.eabi_attribute 24, 1
   9              		.eabi_attribute 25, 1
  10              		.eabi_attribute 26, 1
  11              		.eabi_attribute 30, 2
  12              		.eabi_attribute 34, 1
  13              		.eabi_attribute 18, 4
  14              		.file	"fm2.cpp"
  15              		.text
  16              		.section	.text._ZN7daisysp3Fm24InitEf,"ax",%progbits
  17              		.align	1
  18              		.p2align 2,,3
  19              		.global	_ZN7daisysp3Fm24InitEf
  20              		.syntax unified
  21              		.thumb
  22              		.thumb_func
  24              	_ZN7daisysp3Fm24InitEf:
  25              		@ args = 0, pretend = 0, frame = 0
  26              		@ frame_needed = 0, uses_anonymous_args = 0
  27 0000 2DE9F041 		push	{r4, r5, r6, r7, r8, lr}
  28 0004 2DED048B 		vpush.64	{d8, d9}
  29 0008 F7EE008A 		vmov.f32	s17, #1.0e+0
  30 000c 0446     		mov	r4, r0
  31 000e B0EE408A 		vmov.f32	s16, s0
  32 0012 9FED249A 		vldr.32	s18, .L4
  33 0016 4FF07C55 		mov	r5, #1056964608
  34 001a 4FF00008 		mov	r8, #0
  35 001e C8EE809A 		vdiv.f32	s19, s17, s0
  36 0022 2C30     		adds	r0, r0, #44
  37 0024 84ED0F8A 		vstr.32	s16, [r4, #60]
  38 0028 0026     		movs	r6, #0
  39 002a 84ED0D9A 		vstr.32	s18, [r4, #52]
  40 002e 40F20117 		movw	r7, #257
  41 0032 2563     		str	r5, [r4, #48]	@ float
  42 0034 A563     		str	r5, [r4, #56]	@ float
  43 0036 B0EE490A 		vmov.f32	s0, s18
  44 003a C4F84480 		str	r8, [r4, #68]	@ float
  45 003e C4ED109A 		vstr.32	s19, [r4, #64]
  46 0042 FFF7FEFF 		bl	_ZN7daisysp10Oscillator12CalcPhaseIncEf
  47 0046 F0EE407A 		vmov.f32	s15, s0
  48 004a 84ED048A 		vstr.32	s16, [r4, #16]
  49 004e B0EE490A 		vmov.f32	s0, s18
  50 0052 C4ED059A 		vstr.32	s19, [r4, #20]
  51 0056 2046     		mov	r0, r4
  52 0058 84ED029A 		vstr.32	s18, [r4, #8]
  53 005c 84F82C60 		strb	r6, [r4, #44]
  54 0060 C4ED127A 		vstr.32	s15, [r4, #72]
  55 0064 A4F85470 		strh	r7, [r4, #84]	@ movhi
  56 0068 6560     		str	r5, [r4, #4]	@ float
  57 006a E560     		str	r5, [r4, #12]	@ float
  58 006c C4F81880 		str	r8, [r4, #24]	@ float
ARM GAS  /var/folders/mp/0fn2nbq56j336psbqn3dxy_w0000gn/T//ccU2bU0C.s 			page 2


  59 0070 FFF7FEFF 		bl	_ZN7daisysp10Oscillator12CalcPhaseIncEf
  60 0074 4FF08043 		mov	r3, #1073741824
  61 0078 0B4A     		ldr	r2, .L4+4
  62 007a 2670     		strb	r6, [r4]
  63 007c C4ED0C8A 		vstr.32	s17, [r4, #48]
  64 0080 C4ED018A 		vstr.32	s17, [r4, #4]
  65 0084 84F82C60 		strb	r6, [r4, #44]
  66 0088 C4ED168A 		vstr.32	s17, [r4, #88]
  67 008c 84ED070A 		vstr.32	s0, [r4, #28]
  68 0090 2785     		strh	r7, [r4, #40]	@ movhi
  69 0092 2266     		str	r2, [r4, #96]	@ float
  70 0094 A366     		str	r3, [r4, #104]	@ float
  71 0096 E265     		str	r2, [r4, #92]	@ float
  72 0098 6366     		str	r3, [r4, #100]	@ float
  73 009a BDEC048B 		vldm	sp!, {d8-d9}
  74 009e BDE8F081 		pop	{r4, r5, r6, r7, r8, pc}
  75              	.L5:
  76 00a2 00BF     		.align	2
  77              	.L4:
  78 00a4 0000C842 		.word	1120403456
  79 00a8 0000DC43 		.word	1138491392
  81              		.section	.text._ZN7daisysp3Fm27ProcessEv,"ax",%progbits
  82              		.align	1
  83              		.p2align 2,,3
  84              		.global	_ZN7daisysp3Fm27ProcessEv
  85              		.syntax unified
  86              		.thumb
  87              		.thumb_func
  89              	_ZN7daisysp3Fm27ProcessEv:
  90              		@ args = 0, pretend = 0, frame = 0
  91              		@ frame_needed = 0, uses_anonymous_args = 0
  92 0000 D0ED197A 		vldr.32	s15, [r0, #100]
  93 0004 90ED1A7A 		vldr.32	s14, [r0, #104]
  94 0008 90ED170A 		vldr.32	s0, [r0, #92]
  95 000c B4EE677A 		vcmp.f32	s14, s15
  96 0010 38B5     		push	{r3, r4, r5, lr}
  97 0012 F1EE10FA 		vmrs	APSR_nzcv, FPSCR
  98 0016 0446     		mov	r4, r0
  99 0018 06D1     		bne	.L8
 100 001a 90ED187A 		vldr.32	s14, [r0, #96]
 101 001e B4EE407A 		vcmp.f32	s14, s0
 102 0022 F1EE10FA 		vmrs	APSR_nzcv, FPSCR
 103 0026 29D0     		beq	.L11
 104              	.L8:
 105 0028 04F12C05 		add	r5, r4, #44
 106 002c C4ED1A7A 		vstr.32	s15, [r4, #104]
 107 0030 84ED180A 		vstr.32	s0, [r4, #96]
 108 0034 2846     		mov	r0, r5
 109 0036 84ED0D0A 		vstr.32	s0, [r4, #52]
 110 003a FFF7FEFF 		bl	_ZN7daisysp10Oscillator12CalcPhaseIncEf
 111 003e D4ED187A 		vldr.32	s15, [r4, #96]
 112 0042 94ED1A7A 		vldr.32	s14, [r4, #104]
 113 0046 2046     		mov	r0, r4
 114 0048 84ED120A 		vstr.32	s0, [r4, #72]
 115 004c 27EE870A 		vmul.f32	s0, s15, s14
 116 0050 84ED020A 		vstr.32	s0, [r4, #8]
 117 0054 FFF7FEFF 		bl	_ZN7daisysp10Oscillator12CalcPhaseIncEf
ARM GAS  /var/folders/mp/0fn2nbq56j336psbqn3dxy_w0000gn/T//ccU2bU0C.s 			page 3


 118 0058 84ED070A 		vstr.32	s0, [r4, #28]
 119              	.L9:
 120 005c 2046     		mov	r0, r4
 121 005e FFF7FEFF 		bl	_ZN7daisysp10Oscillator7ProcessEv
 122 0062 D4ED117A 		vldr.32	s15, [r4, #68]
 123 0066 94ED167A 		vldr.32	s14, [r4, #88]
 124 006a 2846     		mov	r0, r5
 125 006c E7EE007A 		vfma.f32	s15, s14, s0
 126 0070 C4ED117A 		vstr.32	s15, [r4, #68]
 127 0074 BDE83840 		pop	{r3, r4, r5, lr}
 128 0078 FFF7FEBF 		b	_ZN7daisysp10Oscillator7ProcessEv
 129              	.L11:
 130 007c 00F12C05 		add	r5, r0, #44
 131 0080 ECE7     		b	.L9
 133 0082 00BF     		.section	.text._ZN7daisysp3Fm212SetFrequencyEf,"ax",%progbits
 134              		.align	1
 135              		.p2align 2,,3
 136              		.global	_ZN7daisysp3Fm212SetFrequencyEf
 137              		.syntax unified
 138              		.thumb
 139              		.thumb_func
 141              	_ZN7daisysp3Fm212SetFrequencyEf:
 142              		@ args = 0, pretend = 0, frame = 0
 143              		@ frame_needed = 0, uses_anonymous_args = 0
 144              		@ link register save eliminated.
 145 0000 B0EEC00A 		vabs.f32	s0, s0
 146 0004 80ED170A 		vstr.32	s0, [r0, #92]
 147 0008 7047     		bx	lr
 149 000a 00BF     		.section	.text._ZN7daisysp3Fm28SetRatioEf,"ax",%progbits
 150              		.align	1
 151              		.p2align 2,,3
 152              		.global	_ZN7daisysp3Fm28SetRatioEf
 153              		.syntax unified
 154              		.thumb
 155              		.thumb_func
 157              	_ZN7daisysp3Fm28SetRatioEf:
 158              		@ args = 0, pretend = 0, frame = 0
 159              		@ frame_needed = 0, uses_anonymous_args = 0
 160              		@ link register save eliminated.
 161 0000 B0EEC00A 		vabs.f32	s0, s0
 162 0004 80ED190A 		vstr.32	s0, [r0, #100]
 163 0008 7047     		bx	lr
 165 000a 00BF     		.section	.text._ZN7daisysp3Fm28SetIndexEf,"ax",%progbits
 166              		.align	1
 167              		.p2align 2,,3
 168              		.global	_ZN7daisysp3Fm28SetIndexEf
 169              		.syntax unified
 170              		.thumb
 171              		.thumb_func
 173              	_ZN7daisysp3Fm28SetIndexEf:
 174              		@ args = 0, pretend = 0, frame = 0
 175              		@ frame_needed = 0, uses_anonymous_args = 0
 176              		@ link register save eliminated.
 177 0000 DFED037A 		vldr.32	s15, .L15
 178 0004 20EE270A 		vmul.f32	s0, s0, s15
 179 0008 80ED160A 		vstr.32	s0, [r0, #88]
 180 000c 7047     		bx	lr
ARM GAS  /var/folders/mp/0fn2nbq56j336psbqn3dxy_w0000gn/T//ccU2bU0C.s 			page 4


 181              	.L16:
 182 000e 00BF     		.align	2
 183              	.L15:
 184 0010 CDCC4C3E 		.word	1045220557
 186              		.section	.text._ZN7daisysp3Fm28GetIndexEv,"ax",%progbits
 187              		.align	1
 188              		.p2align 2,,3
 189              		.global	_ZN7daisysp3Fm28GetIndexEv
 190              		.syntax unified
 191              		.thumb
 192              		.thumb_func
 194              	_ZN7daisysp3Fm28GetIndexEv:
 195              		@ args = 0, pretend = 0, frame = 0
 196              		@ frame_needed = 0, uses_anonymous_args = 0
 197              		@ link register save eliminated.
 198 0000 F1EE047A 		vmov.f32	s15, #5.0e+0
 199 0004 90ED160A 		vldr.32	s0, [r0, #88]
 200 0008 20EE270A 		vmul.f32	s0, s0, s15
 201 000c 7047     		bx	lr
 203 000e 00BF     		.section	.text._ZN7daisysp3Fm25ResetEv,"ax",%progbits
 204              		.align	1
 205              		.p2align 2,,3
 206              		.global	_ZN7daisysp3Fm25ResetEv
 207              		.syntax unified
 208              		.thumb
 209              		.thumb_func
 211              	_ZN7daisysp3Fm25ResetEv:
 212              		@ args = 0, pretend = 0, frame = 0
 213              		@ frame_needed = 0, uses_anonymous_args = 0
 214              		@ link register save eliminated.
 215 0000 0023     		movs	r3, #0
 216 0002 4364     		str	r3, [r0, #68]	@ float
 217 0004 8361     		str	r3, [r0, #24]	@ float
 218 0006 7047     		bx	lr
 220              		.ident	"GCC: (GNU Arm Embedded Toolchain 10.3-2021.10) 10.3.1 20210824 (release)"
ARM GAS  /var/folders/mp/0fn2nbq56j336psbqn3dxy_w0000gn/T//ccU2bU0C.s 			page 5


DEFINED SYMBOLS
                            *ABS*:0000000000000000 fm2.cpp
/var/folders/mp/0fn2nbq56j336psbqn3dxy_w0000gn/T//ccU2bU0C.s:17     .text._ZN7daisysp3Fm24InitEf:0000000000000000 $t
/var/folders/mp/0fn2nbq56j336psbqn3dxy_w0000gn/T//ccU2bU0C.s:24     .text._ZN7daisysp3Fm24InitEf:0000000000000000 _ZN7daisysp3Fm24InitEf
/var/folders/mp/0fn2nbq56j336psbqn3dxy_w0000gn/T//ccU2bU0C.s:78     .text._ZN7daisysp3Fm24InitEf:00000000000000a4 $d
/var/folders/mp/0fn2nbq56j336psbqn3dxy_w0000gn/T//ccU2bU0C.s:82     .text._ZN7daisysp3Fm27ProcessEv:0000000000000000 $t
/var/folders/mp/0fn2nbq56j336psbqn3dxy_w0000gn/T//ccU2bU0C.s:89     .text._ZN7daisysp3Fm27ProcessEv:0000000000000000 _ZN7daisysp3Fm27ProcessEv
/var/folders/mp/0fn2nbq56j336psbqn3dxy_w0000gn/T//ccU2bU0C.s:134    .text._ZN7daisysp3Fm212SetFrequencyEf:0000000000000000 $t
/var/folders/mp/0fn2nbq56j336psbqn3dxy_w0000gn/T//ccU2bU0C.s:141    .text._ZN7daisysp3Fm212SetFrequencyEf:0000000000000000 _ZN7daisysp3Fm212SetFrequencyEf
/var/folders/mp/0fn2nbq56j336psbqn3dxy_w0000gn/T//ccU2bU0C.s:150    .text._ZN7daisysp3Fm28SetRatioEf:0000000000000000 $t
/var/folders/mp/0fn2nbq56j336psbqn3dxy_w0000gn/T//ccU2bU0C.s:157    .text._ZN7daisysp3Fm28SetRatioEf:0000000000000000 _ZN7daisysp3Fm28SetRatioEf
/var/folders/mp/0fn2nbq56j336psbqn3dxy_w0000gn/T//ccU2bU0C.s:166    .text._ZN7daisysp3Fm28SetIndexEf:0000000000000000 $t
/var/folders/mp/0fn2nbq56j336psbqn3dxy_w0000gn/T//ccU2bU0C.s:173    .text._ZN7daisysp3Fm28SetIndexEf:0000000000000000 _ZN7daisysp3Fm28SetIndexEf
/var/folders/mp/0fn2nbq56j336psbqn3dxy_w0000gn/T//ccU2bU0C.s:184    .text._ZN7daisysp3Fm28SetIndexEf:0000000000000010 $d
/var/folders/mp/0fn2nbq56j336psbqn3dxy_w0000gn/T//ccU2bU0C.s:187    .text._ZN7daisysp3Fm28GetIndexEv:0000000000000000 $t
/var/folders/mp/0fn2nbq56j336psbqn3dxy_w0000gn/T//ccU2bU0C.s:194    .text._ZN7daisysp3Fm28GetIndexEv:0000000000000000 _ZN7daisysp3Fm28GetIndexEv
/var/folders/mp/0fn2nbq56j336psbqn3dxy_w0000gn/T//ccU2bU0C.s:204    .text._ZN7daisysp3Fm25ResetEv:0000000000000000 $t
/var/folders/mp/0fn2nbq56j336psbqn3dxy_w0000gn/T//ccU2bU0C.s:211    .text._ZN7daisysp3Fm25ResetEv:0000000000000000 _ZN7daisysp3Fm25ResetEv

UNDEFINED SYMBOLS
_ZN7daisysp10Oscillator12CalcPhaseIncEf
_ZN7daisysp10Oscillator7ProcessEv
