ARM GAS  /var/folders/mp/0fn2nbq56j336psbqn3dxy_w0000gn/T//ccAf1BdM.s 			page 1


   1              		.cpu cortex-m7
   2              		.arch armv7e-m
   3              		.fpu fpv5-d16
   4              		.eabi_attribute 28, 1
   5              		.eabi_attribute 20, 1
   6              		.eabi_attribute 21, 1
   7              		.eabi_attribute 23, 3
   8              		.eabi_attribute 24, 1
   9              		.eabi_attribute 25, 1
  10              		.eabi_attribute 26, 1
  11              		.eabi_attribute 30, 2
  12              		.eabi_attribute 34, 1
  13              		.eabi_attribute 18, 4
  14              		.file	"oscillator.cpp"
  15              		.text
  16              		.section	.text._ZN7daisysp10Oscillator7ProcessEv,"ax",%progbits
  17              		.align	1
  18              		.p2align 2,,3
  19              		.global	_ZN7daisysp10Oscillator7ProcessEv
  20              		.syntax unified
  21              		.thumb
  22              		.thumb_func
  24              	_ZN7daisysp10Oscillator7ProcessEv:
  25              		@ args = 0, pretend = 0, frame = 0
  26              		@ frame_needed = 0, uses_anonymous_args = 0
  27 0000 0378     		ldrb	r3, [r0]	@ zero_extendqisi2
  28 0002 10B5     		push	{r4, lr}
  29 0004 0446     		mov	r4, r0
  30 0006 2DED028B 		vpush.64	{d8}
  31 000a 072B     		cmp	r3, #7
  32 000c 00F2A581 		bhi	.L2
  33 0010 DFE813F0 		tbh	[pc, r3, lsl #1]
  34              	.L4:
  35 0014 5200     		.2byte	(.L11-.L4)/2
  36 0016 A200     		.2byte	(.L10-.L4)/2
  37 0018 B500     		.2byte	(.L9-.L4)/2
  38 001a 8700     		.2byte	(.L8-.L4)/2
  39 001c 9200     		.2byte	(.L7-.L4)/2
  40 001e C200     		.2byte	(.L6-.L4)/2
  41 0020 1101     		.2byte	(.L5-.L4)/2
  42 0022 0800     		.2byte	(.L3-.L4)/2
  43              		.p2align 1
  44              	.L3:
  45 0024 90ED068A 		vldr.32	s16, [r0, #24]
  46 0028 F7EE006A 		vmov.f32	s13, #1.0e+0
  47 002c D0ED037A 		vldr.32	s15, [r0, #12]
  48 0030 BFEE000A 		vmov.f32	s0, #-1.0e+0
  49 0034 90ED077A 		vldr.32	s14, [r0, #28]
  50 0038 F4EEC87A 		vcmpe.f32	s15, s16
  51 003c F1EE10FA 		vmrs	APSR_nzcv, FPSCR
  52 0040 B4EEC87A 		vcmpe.f32	s14, s16
  53 0044 36FE800A 		vselgt.f32	s0, s13, s0
  54 0048 F1EE10FA 		vmrs	APSR_nzcv, FPSCR
  55 004c 00F37881 		bgt	.L65
  56 0050 36EEC76A 		vsub.f32	s12, s13, s14
  57 0054 B4EEC68A 		vcmpe.f32	s16, s12
  58 0058 F1EE10FA 		vmrs	APSR_nzcv, FPSCR
ARM GAS  /var/folders/mp/0fn2nbq56j336psbqn3dxy_w0000gn/T//ccAf1BdM.s 			page 2


  59 005c 00F32981 		bgt	.L66
  60              	.L31:
  61 0060 B7EE006A 		vmov.f32	s12, #1.0e+0
  62 0064 76EE677A 		vsub.f32	s15, s12, s15
  63 0068 77EE887A 		vadd.f32	s15, s15, s16
  64 006c FDEEE76A 		vcvt.s32.f32	s13, s15
  65 0070 F8EEE66A 		vcvt.f32.s32	s13, s13
  66 0074 77EEE67A 		vsub.f32	s15, s15, s13
  67 0078 B4EEE77A 		vcmpe.f32	s14, s15
  68 007c F1EE10FA 		vmrs	APSR_nzcv, FPSCR
  69 0080 00F32681 		bgt	.L67
  70 0084 76EE476A 		vsub.f32	s13, s12, s14
  71 0088 F4EEE67A 		vcmpe.f32	s15, s13
  72 008c F1EE10FA 		vmrs	APSR_nzcv, FPSCR
  73 0090 0DDD     		ble	.L35
  74 0092 77EEC67A 		vsub.f32	s15, s15, s12
  75 0096 C7EE876A 		vdiv.f32	s13, s15, s14
  76 009a F0EE667A 		vmov.f32	s15, s13
  77 009e E6EEA67A 		vfma.f32	s15, s13, s13
  78 00a2 76EEA76A 		vadd.f32	s13, s13, s15
  79 00a6 36EE866A 		vadd.f32	s12, s13, s12
  80 00aa 30EE460A 		vsub.f32	s0, s0, s12
  81              	.L35:
  82 00ae DFEDAE7A 		vldr.32	s15, .L73
  83 00b2 20EE270A 		vmul.f32	s0, s0, s15
  84 00b6 09E0     		b	.L12
  85              	.L11:
  86 00b8 90ED068A 		vldr.32	s16, [r0, #24]
  87 00bc 9FEDAB0A 		vldr.32	s0, .L73+4
  88 00c0 28EE000A 		vmul.f32	s0, s16, s0
  89 00c4 FFF7FEFF 		bl	sinf
  90 00c8 94ED077A 		vldr.32	s14, [r4, #28]
  91              	.L12:
  92 00cc 77EE087A 		vadd.f32	s15, s14, s16
  93 00d0 F7EE006A 		vmov.f32	s13, #1.0e+0
  94 00d4 F4EEE67A 		vcmpe.f32	s15, s13
  95 00d8 F1EE10FA 		vmrs	APSR_nzcv, FPSCR
  96 00dc 40F3D680 		ble	.L68
  97 00e0 77EEE67A 		vsub.f32	s15, s15, s13
  98 00e4 0123     		movs	r3, #1
  99 00e6 C4ED067A 		vstr.32	s15, [r4, #24]
 100              	.L38:
 101 00ea 37EEC77A 		vsub.f32	s14, s15, s14
 102 00ee 84F82930 		strb	r3, [r4, #41]
 103 00f2 F6EE006A 		vmov.f32	s13, #5.0e-1
 104 00f6 B4EEE67A 		vcmpe.f32	s14, s13
 105 00fa F1EE10FA 		vmrs	APSR_nzcv, FPSCR
 106 00fe 40F1C380 		bpl	.L62
 107 0102 F4EEE67A 		vcmpe.f32	s15, s13
 108 0106 F1EE10FA 		vmrs	APSR_nzcv, FPSCR
 109 010a ACBF     		ite	ge
 110 010c 0123     		movge	r3, #1
 111 010e 0023     		movlt	r3, #0
 112              	.L39:
 113 0110 D4ED017A 		vldr.32	s15, [r4, #4]
 114 0114 84F82830 		strb	r3, [r4, #40]
 115 0118 20EE270A 		vmul.f32	s0, s0, s15
ARM GAS  /var/folders/mp/0fn2nbq56j336psbqn3dxy_w0000gn/T//ccAf1BdM.s 			page 3


 116 011c BDEC028B 		vldm	sp!, {d8}
 117 0120 10BD     		pop	{r4, pc}
 118              	.L8:
 119 0122 F0EE007A 		vmov.f32	s15, #2.0e+0
 120 0126 90ED068A 		vldr.32	s16, [r0, #24]
 121 012a BFEE000A 		vmov.f32	s0, #-1.0e+0
 122 012e 90ED077A 		vldr.32	s14, [r0, #28]
 123 0132 A8EE270A 		vfma.f32	s0, s16, s15
 124 0136 C9E7     		b	.L12
 125              	.L7:
 126 0138 90ED068A 		vldr.32	s16, [r0, #24]
 127 013c D0ED037A 		vldr.32	s15, [r0, #12]
 128 0140 90ED077A 		vldr.32	s14, [r0, #28]
 129 0144 B4EEE78A 		vcmpe.f32	s16, s15
 130 0148 F1EE10FA 		vmrs	APSR_nzcv, FPSCR
 131 014c 4CBF     		ite	mi
 132 014e B7EE000A 		vmovmi.f32	s0, #1.0e+0
 133 0152 BFEE000A 		vmovpl.f32	s0, #-1.0e+0
 134 0156 B9E7     		b	.L12
 135              	.L10:
 136 0158 F0EE006A 		vmov.f32	s13, #2.0e+0
 137 015c 90ED068A 		vldr.32	s16, [r0, #24]
 138 0160 BFEE000A 		vmov.f32	s0, #-1.0e+0
 139 0164 90ED077A 		vldr.32	s14, [r0, #28]
 140 0168 F6EE007A 		vmov.f32	s15, #5.0e-1
 141 016c A8EE260A 		vfma.f32	s0, s16, s13
 142 0170 B0EEC00A 		vabs.f32	s0, s0
 143 0174 30EE670A 		vsub.f32	s0, s0, s15
 144 0178 30EE000A 		vadd.f32	s0, s0, s0
 145 017c A6E7     		b	.L12
 146              	.L9:
 147 017e F0EE007A 		vmov.f32	s15, #2.0e+0
 148 0182 90ED068A 		vldr.32	s16, [r0, #24]
 149 0186 BFEE000A 		vmov.f32	s0, #-1.0e+0
 150 018a 90ED077A 		vldr.32	s14, [r0, #28]
 151 018e A8EE270A 		vfma.f32	s0, s16, s15
 152 0192 B1EE400A 		vneg.f32	s0, s0
 153 0196 99E7     		b	.L12
 154              	.L6:
 155 0198 F6EE006A 		vmov.f32	s13, #5.0e-1
 156 019c 90ED068A 		vldr.32	s16, [r0, #24]
 157 01a0 90ED077A 		vldr.32	s14, [r0, #28]
 158 01a4 F7EE007A 		vmov.f32	s15, #1.0e+0
 159 01a8 FFEE005A 		vmov.f32	s11, #-1.0e+0
 160 01ac B4EEE68A 		vcmpe.f32	s16, s13
 161 01b0 F1EE10FA 		vmrs	APSR_nzcv, FPSCR
 162 01b4 B4EEC87A 		vcmpe.f32	s14, s16
 163 01b8 48BF     		it	mi
 164 01ba F0EE675A 		vmovmi.f32	s11, s15
 165 01be F1EE10FA 		vmrs	APSR_nzcv, FPSCR
 166 01c2 00F3AE80 		bgt	.L69
 167 01c6 77EEC76A 		vsub.f32	s13, s15, s14
 168 01ca B4EEE68A 		vcmpe.f32	s16, s13
 169 01ce F1EE10FA 		vmrs	APSR_nzcv, FPSCR
 170 01d2 5FDC     		bgt	.L70
 171              	.L18:
 172 01d4 F6EE007A 		vmov.f32	s15, #5.0e-1
ARM GAS  /var/folders/mp/0fn2nbq56j336psbqn3dxy_w0000gn/T//ccAf1BdM.s 			page 4


 173 01d8 78EE277A 		vadd.f32	s15, s16, s15
 174 01dc BDEEE76A 		vcvt.s32.f32	s12, s15
 175 01e0 B8EEC66A 		vcvt.f32.s32	s12, s12
 176 01e4 77EEC67A 		vsub.f32	s15, s15, s12
 177 01e8 B4EEE77A 		vcmpe.f32	s14, s15
 178 01ec F1EE10FA 		vmrs	APSR_nzcv, FPSCR
 179 01f0 7BDC     		bgt	.L71
 180 01f2 F4EEE67A 		vcmpe.f32	s15, s13
 181 01f6 F1EE10FA 		vmrs	APSR_nzcv, FPSCR
 182 01fa 0FDD     		ble	.L22
 183 01fc B7EE005A 		vmov.f32	s10, #1.0e+0
 184 0200 77EEC57A 		vsub.f32	s15, s15, s10
 185 0204 87EE876A 		vdiv.f32	s12, s15, s14
 186 0208 F0EE467A 		vmov.f32	s15, s12
 187 020c E6EE067A 		vfma.f32	s15, s12, s12
 188 0210 36EE276A 		vadd.f32	s12, s12, s15
 189 0214 36EE056A 		vadd.f32	s12, s12, s10
 190 0218 75EEC65A 		vsub.f32	s11, s11, s12
 191              	.L22:
 192 021c D4ED087A 		vldr.32	s15, [r4, #32]
 193 0220 B1EE000A 		vmov.f32	s0, #4.0e+0
 194 0224 66EEA76A 		vmul.f32	s13, s13, s15
 195 0228 E7EE256A 		vfma.f32	s13, s14, s11
 196 022c 26EE800A 		vmul.f32	s0, s13, s0
 197 0230 C4ED086A 		vstr.32	s13, [r4, #32]
 198 0234 4AE7     		b	.L12
 199              	.L5:
 200 0236 90ED068A 		vldr.32	s16, [r0, #24]
 201 023a F0EE007A 		vmov.f32	s15, #2.0e+0
 202 023e 90ED077A 		vldr.32	s14, [r0, #28]
 203 0242 BFEE000A 		vmov.f32	s0, #-1.0e+0
 204 0246 B4EEC87A 		vcmpe.f32	s14, s16
 205 024a A8EE270A 		vfma.f32	s0, s16, s15
 206 024e F1EE10FA 		vmrs	APSR_nzcv, FPSCR
 207 0252 59DC     		bgt	.L72
 208 0254 F7EE006A 		vmov.f32	s13, #1.0e+0
 209 0258 76EEC77A 		vsub.f32	s15, s13, s14
 210 025c B4EEE78A 		vcmpe.f32	s16, s15
 211 0260 F1EE10FA 		vmrs	APSR_nzcv, FPSCR
 212 0264 0DDD     		ble	.L26
 213 0266 38EE666A 		vsub.f32	s12, s16, s13
 214 026a C6EE077A 		vdiv.f32	s15, s12, s14
 215 026e B0EE676A 		vmov.f32	s12, s15
 216 0272 A7EEA76A 		vfma.f32	s12, s15, s15
 217 0276 77EE867A 		vadd.f32	s15, s15, s12
 218 027a 77EEA67A 		vadd.f32	s15, s15, s13
 219 027e 30EE670A 		vsub.f32	s0, s0, s15
 220              	.L26:
 221 0282 B1EE400A 		vneg.f32	s0, s0
 222 0286 21E7     		b	.L12
 223              	.L62:
 224 0288 0023     		movs	r3, #0
 225 028a 41E7     		b	.L39
 226              	.L68:
 227 028c 0023     		movs	r3, #0
 228 028e C4ED067A 		vstr.32	s15, [r4, #24]
 229 0292 2AE7     		b	.L38
ARM GAS  /var/folders/mp/0fn2nbq56j336psbqn3dxy_w0000gn/T//ccAf1BdM.s 			page 5


 230              	.L70:
 231 0294 38EE675A 		vsub.f32	s10, s16, s15
 232 0298 85EE076A 		vdiv.f32	s12, s10, s14
 233 029c B0EE465A 		vmov.f32	s10, s12
 234 02a0 A6EE065A 		vfma.f32	s10, s12, s12
 235 02a4 36EE056A 		vadd.f32	s12, s12, s10
 236 02a8 76EE277A 		vadd.f32	s15, s12, s15
 237 02ac 75EEA75A 		vadd.f32	s11, s11, s15
 238 02b0 90E7     		b	.L18
 239              	.L66:
 240 02b2 78EE665A 		vsub.f32	s11, s16, s13
 241 02b6 85EE876A 		vdiv.f32	s12, s11, s14
 242 02ba F0EE465A 		vmov.f32	s11, s12
 243 02be E6EE065A 		vfma.f32	s11, s12, s12
 244 02c2 36EE256A 		vadd.f32	s12, s12, s11
 245 02c6 76EE266A 		vadd.f32	s13, s12, s13
 246 02ca 30EE260A 		vadd.f32	s0, s0, s13
 247 02ce C7E6     		b	.L31
 248              	.L67:
 249 02d0 C7EE876A 		vdiv.f32	s13, s15, s14
 250 02d4 F0EE005A 		vmov.f32	s11, #2.0e+0
 251 02d8 66EEE67A 		vnmul.f32	s15, s13, s13
 252 02dc E6EEA57A 		vfma.f32	s15, s13, s11
 253 02e0 37EEC66A 		vsub.f32	s12, s15, s12
 254 02e4 30EE460A 		vsub.f32	s0, s0, s12
 255 02e8 E1E6     		b	.L35
 256              	.L71:
 257 02ea 87EE876A 		vdiv.f32	s12, s15, s14
 258 02ee F0EE004A 		vmov.f32	s9, #2.0e+0
 259 02f2 B7EE005A 		vmov.f32	s10, #1.0e+0
 260 02f6 66EE467A 		vnmul.f32	s15, s12, s12
 261 02fa E6EE247A 		vfma.f32	s15, s12, s9
 262 02fe 77EEC57A 		vsub.f32	s15, s15, s10
 263 0302 75EEE75A 		vsub.f32	s11, s11, s15
 264 0306 89E7     		b	.L22
 265              	.L72:
 266 0308 88EE076A 		vdiv.f32	s12, s16, s14
 267 030c F7EE005A 		vmov.f32	s11, #1.0e+0
 268 0310 66EE466A 		vnmul.f32	s13, s12, s12
 269 0314 E6EE276A 		vfma.f32	s13, s12, s15
 270 0318 76EEE57A 		vsub.f32	s15, s13, s11
 271 031c 30EE670A 		vsub.f32	s0, s0, s15
 272 0320 AFE7     		b	.L26
 273              	.L69:
 274 0322 88EE075A 		vdiv.f32	s10, s16, s14
 275 0326 F0EE004A 		vmov.f32	s9, #2.0e+0
 276 032a 77EEC76A 		vsub.f32	s13, s15, s14
 277 032e 25EE456A 		vnmul.f32	s12, s10, s10
 278 0332 A5EE246A 		vfma.f32	s12, s10, s9
 279 0336 76EE677A 		vsub.f32	s15, s12, s15
 280 033a 75EEA75A 		vadd.f32	s11, s11, s15
 281 033e 49E7     		b	.L18
 282              	.L65:
 283 0340 C8EE075A 		vdiv.f32	s11, s16, s14
 284 0344 B0EE005A 		vmov.f32	s10, #2.0e+0
 285 0348 25EEE56A 		vnmul.f32	s12, s11, s11
 286 034c A5EE856A 		vfma.f32	s12, s11, s10
ARM GAS  /var/folders/mp/0fn2nbq56j336psbqn3dxy_w0000gn/T//ccAf1BdM.s 			page 6


 287 0350 76EE666A 		vsub.f32	s13, s12, s13
 288 0354 30EE260A 		vadd.f32	s0, s0, s13
 289 0358 82E6     		b	.L31
 290              	.L2:
 291 035a 90ED077A 		vldr.32	s14, [r0, #28]
 292 035e 90ED068A 		vldr.32	s16, [r0, #24]
 293 0362 9FED030A 		vldr.32	s0, .L73+8
 294 0366 B1E6     		b	.L12
 295              	.L74:
 296              		.align	2
 297              	.L73:
 298 0368 F4FD343F 		.word	1060437492
 299 036c DB0FC940 		.word	1086918619
 300 0370 00000000 		.word	0
 302              		.section	.text._ZN7daisysp10Oscillator12CalcPhaseIncEf,"ax",%progbits
 303              		.align	1
 304              		.p2align 2,,3
 305              		.global	_ZN7daisysp10Oscillator12CalcPhaseIncEf
 306              		.syntax unified
 307              		.thumb
 308              		.thumb_func
 310              	_ZN7daisysp10Oscillator12CalcPhaseIncEf:
 311              		@ args = 0, pretend = 0, frame = 0
 312              		@ frame_needed = 0, uses_anonymous_args = 0
 313              		@ link register save eliminated.
 314 0000 D0ED057A 		vldr.32	s15, [r0, #20]
 315 0004 20EE270A 		vmul.f32	s0, s0, s15
 316 0008 7047     		bx	lr
 318 000a 00BF     		.ident	"GCC: (GNU Arm Embedded Toolchain 10.3-2021.10) 10.3.1 20210824 (release)"
ARM GAS  /var/folders/mp/0fn2nbq56j336psbqn3dxy_w0000gn/T//ccAf1BdM.s 			page 7


DEFINED SYMBOLS
                            *ABS*:0000000000000000 oscillator.cpp
/var/folders/mp/0fn2nbq56j336psbqn3dxy_w0000gn/T//ccAf1BdM.s:17     .text._ZN7daisysp10Oscillator7ProcessEv:0000000000000000 $t
/var/folders/mp/0fn2nbq56j336psbqn3dxy_w0000gn/T//ccAf1BdM.s:24     .text._ZN7daisysp10Oscillator7ProcessEv:0000000000000000 _ZN7daisysp10Oscillator7ProcessEv
/var/folders/mp/0fn2nbq56j336psbqn3dxy_w0000gn/T//ccAf1BdM.s:35     .text._ZN7daisysp10Oscillator7ProcessEv:0000000000000014 $d
/var/folders/mp/0fn2nbq56j336psbqn3dxy_w0000gn/T//ccAf1BdM.s:43     .text._ZN7daisysp10Oscillator7ProcessEv:0000000000000024 $t
/var/folders/mp/0fn2nbq56j336psbqn3dxy_w0000gn/T//ccAf1BdM.s:298    .text._ZN7daisysp10Oscillator7ProcessEv:0000000000000368 $d
/var/folders/mp/0fn2nbq56j336psbqn3dxy_w0000gn/T//ccAf1BdM.s:303    .text._ZN7daisysp10Oscillator12CalcPhaseIncEf:0000000000000000 $t
/var/folders/mp/0fn2nbq56j336psbqn3dxy_w0000gn/T//ccAf1BdM.s:310    .text._ZN7daisysp10Oscillator12CalcPhaseIncEf:0000000000000000 _ZN7daisysp10Oscillator12CalcPhaseIncEf

UNDEFINED SYMBOLS
sinf
