ARM GAS  /var/folders/mp/0fn2nbq56j336psbqn3dxy_w0000gn/T//ccprjfb1.s 			page 1


   1              		.cpu cortex-m7
   2              		.arch armv7e-m
   3              		.fpu fpv5-d16
   4              		.eabi_attribute 28, 1
   5              		.eabi_attribute 20, 1
   6              		.eabi_attribute 21, 1
   7              		.eabi_attribute 23, 3
   8              		.eabi_attribute 24, 1
   9              		.eabi_attribute 25, 1
  10              		.eabi_attribute 26, 1
  11              		.eabi_attribute 30, 2
  12              		.eabi_attribute 34, 1
  13              		.eabi_attribute 18, 4
  14              		.file	"soap.cpp"
  15              		.text
  16              		.section	.text._ZN7daisysp4Soap4InitEf,"ax",%progbits
  17              		.align	1
  18              		.p2align 2,,3
  19              		.global	_ZN7daisysp4Soap4InitEf
  20              		.syntax unified
  21              		.thumb
  22              		.thumb_func
  24              	_ZN7daisysp4Soap4InitEf:
  25              		@ args = 0, pretend = 0, frame = 0
  26              		@ frame_needed = 0, uses_anonymous_args = 0
  27              		@ link register save eliminated.
  28 0000 0023     		movs	r3, #0
  29 0002 0749     		ldr	r1, .L3
  30 0004 074A     		ldr	r2, .L3+4
  31 0006 0160     		str	r1, [r0]	@ float
  32 0008 4260     		str	r2, [r0, #4]	@ float
  33 000a 8360     		str	r3, [r0, #8]	@ float
  34 000c C360     		str	r3, [r0, #12]	@ float
  35 000e 0361     		str	r3, [r0, #16]	@ float
  36 0010 4361     		str	r3, [r0, #20]	@ float
  37 0012 8361     		str	r3, [r0, #24]	@ float
  38 0014 C361     		str	r3, [r0, #28]	@ float
  39 0016 0362     		str	r3, [r0, #32]	@ float
  40 0018 4362     		str	r3, [r0, #36]	@ float
  41 001a 80ED0A0A 		vstr.32	s0, [r0, #40]
  42 001e 7047     		bx	lr
  43              	.L4:
  44              		.align	2
  45              	.L3:
  46 0020 0000C843 		.word	1137180672
  47 0024 00004842 		.word	1112014848
  49              		.section	.text._ZN7daisysp4Soap7ProcessEf,"ax",%progbits
  50              		.align	1
  51              		.p2align 2,,3
  52              		.global	_ZN7daisysp4Soap7ProcessEf
  53              		.syntax unified
  54              		.thumb
  55              		.thumb_func
  57              	_ZN7daisysp4Soap7ProcessEf:
  58              		@ args = 0, pretend = 0, frame = 0
  59              		@ frame_needed = 0, uses_anonymous_args = 0
  60 0000 D0ED006A 		vldr.32	s13, [r0]
ARM GAS  /var/folders/mp/0fn2nbq56j336psbqn3dxy_w0000gn/T//ccprjfb1.s 			page 2


  61 0004 10B5     		push	{r4, lr}
  62 0006 2DED068B 		vpush.64	{d8, d9, d10}
  63 000a 90ED0A8A 		vldr.32	s16, [r0, #40]
  64 000e F0EE408A 		vmov.f32	s17, s0
  65 0012 0446     		mov	r4, r0
  66 0014 86EE880A 		vdiv.f32	s0, s13, s16
  67 0018 9FED337B 		vldr.64	d7, .L7
  68 001c B7EEC00A 		vcvt.f64.f32	d0, s0
  69 0020 20EE070B 		vmul.f64	d0, d0, d7
  70 0024 FFF7FEFF 		bl	cos
  71 0028 D4ED017A 		vldr.32	s15, [r4, #4]
  72 002c 87EE887A 		vdiv.f32	s14, s15, s16
  73 0030 F7EEC05B 		vcvt.f32.f64	s11, d0
  74 0034 9FED2E6B 		vldr.64	d6, .L7+8
  75 0038 B1EE658A 		vneg.f32	s16, s11
  76 003c B7EEC77A 		vcvt.f64.f32	d7, s14
  77 0040 27EE060B 		vmul.f64	d0, d7, d6
  78 0044 FFF7FEFF 		bl	tan
  79 0048 94ED037A 		vldr.32	s14, [r4, #12]
  80 004c 94ED04AA 		vldr.32	s20, [r4, #16]
  81 0050 B7EEC05B 		vcvt.f32.f64	s10, d0
  82 0054 D4ED051A 		vldr.32	s3, [r4, #20]
  83 0058 B7EE000B 		vmov.f64	d0, #1.0e+0
  84 005c 94ED061A 		vldr.32	s2, [r4, #24]
  85 0060 B7EEE86A 		vcvt.f64.f32	d6, s17
  86 0064 84ED047A 		vstr.32	s14, [r4, #16]
  87 0068 B7EEC55A 		vcvt.f64.f32	d5, s10
  88 006c C4ED028A 		vstr.32	s17, [r4, #8]
  89 0070 B6EE004B 		vmov.f64	d4, #5.0e-1
  90 0074 C4ED038A 		vstr.32	s17, [r4, #12]
  91 0078 C4ED061A 		vstr.32	s3, [r4, #24]
  92 007c 35EE409B 		vsub.f64	d9, d5, d0
  93 0080 35EE005B 		vadd.f64	d5, d5, d0
  94 0084 9FED1C2B 		vldr.64	d2, .L7+16
  95 0088 89EE053B 		vdiv.f64	d3, d9, d5
  96 008c F0EE485A 		vmov.f32	s11, s16
  97 0090 B7EEC33B 		vcvt.f32.f64	s6, d3
  98 0094 E8EE435A 		vfms.f32	s11, s16, s6
  99 0098 65EE877A 		vmul.f32	s15, s11, s14
 100 009c E3EE687A 		vfms.f32	s15, s6, s17
 101 00a0 77EE8A7A 		vadd.f32	s15, s15, s20
 102 00a4 BDEC068B 		vldm	sp!, {d8-d10}
 103 00a8 E5EEE17A 		vfms.f32	s15, s11, s3
 104 00ac E1EE037A 		vfma.f32	s15, s2, s6
 105 00b0 B7EEE75A 		vcvt.f64.f32	d5, s15
 106 00b4 C4ED077A 		vstr.32	s15, [r4, #28]
 107 00b8 C4ED057A 		vstr.32	s15, [r4, #20]
 108 00bc B0EE467B 		vmov.f64	d7, d6
 109 00c0 36EE456B 		vsub.f64	d6, d6, d5
 110 00c4 A5EE027B 		vfma.f64	d7, d5, d2
 111 00c8 26EE046B 		vmul.f64	d6, d6, d4
 112 00cc 27EE047B 		vmul.f64	d7, d7, d4
 113 00d0 B7EEC66B 		vcvt.f32.f64	s12, d6
 114 00d4 B7EEC77B 		vcvt.f32.f64	s14, d7
 115 00d8 84ED086A 		vstr.32	s12, [r4, #32]
 116 00dc 84ED097A 		vstr.32	s14, [r4, #36]
 117 00e0 10BD     		pop	{r4, pc}
ARM GAS  /var/folders/mp/0fn2nbq56j336psbqn3dxy_w0000gn/T//ccprjfb1.s 			page 3


 118              	.L8:
 119 00e2 00BFAFF3 		.align	3
 119      0080
 120              	.L7:
 121 00e8 182D4454 		.word	1413754136
 122 00ec FB211940 		.word	1075388923
 123 00f0 182D4454 		.word	1413754136
 124 00f4 FB210940 		.word	1074340347
 125 00f8 AE47E17A 		.word	2061584302
 126 00fc 14AEEF3F 		.word	1072672276
 128              		.section	.text._ZN7daisysp4Soap13SetCenterFreqEf,"ax",%progbits
 129              		.align	1
 130              		.p2align 2,,3
 131              		.global	_ZN7daisysp4Soap13SetCenterFreqEf
 132              		.syntax unified
 133              		.thumb
 134              		.thumb_func
 136              	_ZN7daisysp4Soap13SetCenterFreqEf:
 137              		@ args = 0, pretend = 0, frame = 0
 138              		@ frame_needed = 0, uses_anonymous_args = 0
 139              		@ link register save eliminated.
 140 0000 80ED000A 		vstr.32	s0, [r0]
 141 0004 7047     		bx	lr
 143 0006 00BF     		.section	.text._ZN7daisysp4Soap18SetFilterBandwidthEf,"ax",%progbits
 144              		.align	1
 145              		.p2align 2,,3
 146              		.global	_ZN7daisysp4Soap18SetFilterBandwidthEf
 147              		.syntax unified
 148              		.thumb
 149              		.thumb_func
 151              	_ZN7daisysp4Soap18SetFilterBandwidthEf:
 152              		@ args = 0, pretend = 0, frame = 0
 153              		@ frame_needed = 0, uses_anonymous_args = 0
 154              		@ link register save eliminated.
 155 0000 80ED010A 		vstr.32	s0, [r0, #4]
 156 0004 7047     		bx	lr
 158 0006 00BF     		.ident	"GCC: (GNU Arm Embedded Toolchain 10.3-2021.10) 10.3.1 20210824 (release)"
ARM GAS  /var/folders/mp/0fn2nbq56j336psbqn3dxy_w0000gn/T//ccprjfb1.s 			page 4


DEFINED SYMBOLS
                            *ABS*:0000000000000000 soap.cpp
/var/folders/mp/0fn2nbq56j336psbqn3dxy_w0000gn/T//ccprjfb1.s:17     .text._ZN7daisysp4Soap4InitEf:0000000000000000 $t
/var/folders/mp/0fn2nbq56j336psbqn3dxy_w0000gn/T//ccprjfb1.s:24     .text._ZN7daisysp4Soap4InitEf:0000000000000000 _ZN7daisysp4Soap4InitEf
/var/folders/mp/0fn2nbq56j336psbqn3dxy_w0000gn/T//ccprjfb1.s:46     .text._ZN7daisysp4Soap4InitEf:0000000000000020 $d
/var/folders/mp/0fn2nbq56j336psbqn3dxy_w0000gn/T//ccprjfb1.s:50     .text._ZN7daisysp4Soap7ProcessEf:0000000000000000 $t
/var/folders/mp/0fn2nbq56j336psbqn3dxy_w0000gn/T//ccprjfb1.s:57     .text._ZN7daisysp4Soap7ProcessEf:0000000000000000 _ZN7daisysp4Soap7ProcessEf
/var/folders/mp/0fn2nbq56j336psbqn3dxy_w0000gn/T//ccprjfb1.s:121    .text._ZN7daisysp4Soap7ProcessEf:00000000000000e8 $d
/var/folders/mp/0fn2nbq56j336psbqn3dxy_w0000gn/T//ccprjfb1.s:129    .text._ZN7daisysp4Soap13SetCenterFreqEf:0000000000000000 $t
/var/folders/mp/0fn2nbq56j336psbqn3dxy_w0000gn/T//ccprjfb1.s:136    .text._ZN7daisysp4Soap13SetCenterFreqEf:0000000000000000 _ZN7daisysp4Soap13SetCenterFreqEf
/var/folders/mp/0fn2nbq56j336psbqn3dxy_w0000gn/T//ccprjfb1.s:144    .text._ZN7daisysp4Soap18SetFilterBandwidthEf:0000000000000000 $t
/var/folders/mp/0fn2nbq56j336psbqn3dxy_w0000gn/T//ccprjfb1.s:151    .text._ZN7daisysp4Soap18SetFilterBandwidthEf:0000000000000000 _ZN7daisysp4Soap18SetFilterBandwidthEf

UNDEFINED SYMBOLS
cos
tan
