ARM GAS  /var/folders/mp/0fn2nbq56j336psbqn3dxy_w0000gn/T//cclwqDYV.s 			page 1


   1              		.cpu cortex-m7
   2              		.arch armv7e-m
   3              		.fpu fpv5-d16
   4              		.eabi_attribute 28, 1
   5              		.eabi_attribute 20, 1
   6              		.eabi_attribute 21, 1
   7              		.eabi_attribute 23, 3
   8              		.eabi_attribute 24, 1
   9              		.eabi_attribute 25, 1
  10              		.eabi_attribute 26, 1
  11              		.eabi_attribute 30, 2
  12              		.eabi_attribute 34, 1
  13              		.eabi_attribute 18, 4
  14              		.file	"tremolo.cpp"
  15              		.text
  16              		.section	.text._ZN7daisysp7Tremolo4InitEf,"ax",%progbits
  17              		.align	1
  18              		.p2align 2,,3
  19              		.global	_ZN7daisysp7Tremolo4InitEf
  20              		.syntax unified
  21              		.thumb
  22              		.thumb_func
  24              	_ZN7daisysp7Tremolo4InitEf:
  25              		@ args = 0, pretend = 0, frame = 0
  26              		@ frame_needed = 0, uses_anonymous_args = 0
  27 0000 38B5     		push	{r3, r4, r5, lr}
  28 0002 F0EE407A 		vmov.f32	s15, s0
  29 0006 0546     		mov	r5, r0
  30 0008 0446     		mov	r4, r0
  31 000a 9FED1F0A 		vldr.32	s0, .L4
  32 000e 0835     		adds	r5, r5, #8
  33 0010 2DED048B 		vpush.64	{d8, d9}
  34 0014 F7EE008A 		vmov.f32	s17, #1.0e+0
  35 0018 9FED1C8A 		vldr.32	s16, .L4+4
  36 001c B6EE009A 		vmov.f32	s18, #5.0e-1
  37 0020 C0ED007A 		vstr.32	s15, [r0]
  38 0024 C0ED067A 		vstr.32	s15, [r0, #24]
  39 0028 2846     		mov	r0, r5
  40 002a 88EEA77A 		vdiv.f32	s14, s17, s15
  41 002e 84ED088A 		vstr.32	s16, [r4, #32]
  42 0032 84ED039A 		vstr.32	s18, [r4, #12]
  43 0036 84ED059A 		vstr.32	s18, [r4, #20]
  44 003a 84ED040A 		vstr.32	s0, [r4, #16]
  45              		.syntax unified
  46              	@ 44 "Source/Utility/dsp.h" 1
  47 003e 88FE888A 		vmaxnm.f32 s16, s17, s16
  48              	@ 0 "" 2
  49              	@ 55 "Source/Utility/dsp.h" 1
  50 0042 88FE688A 		vminnm.f32 s16, s16, s17
  51              	@ 0 "" 2
  52              		.thumb
  53              		.syntax unified
  54 0046 84ED077A 		vstr.32	s14, [r4, #28]
  55 004a FFF7FEFF 		bl	_ZN7daisysp10Oscillator12CalcPhaseIncEf
  56 004e 28EE098A 		vmul.f32	s16, s16, s18
  57 0052 F0EE407A 		vmov.f32	s15, s0
  58 0056 0022     		movs	r2, #0
ARM GAS  /var/folders/mp/0fn2nbq56j336psbqn3dxy_w0000gn/T//cclwqDYV.s 			page 2


  59 0058 40F20113 		movw	r3, #257
  60 005c B0EE680A 		vmov.f32	s0, s17
  61 0060 84ED038A 		vstr.32	s16, [r4, #12]
  62 0064 2846     		mov	r0, r5
  63 0066 C4ED097A 		vstr.32	s15, [r4, #36]
  64 006a 78EEC87A 		vsub.f32	s15, s17, s16
  65 006e C4ED048A 		vstr.32	s17, [r4, #16]
  66 0072 2272     		strb	r2, [r4, #8]
  67 0074 2386     		strh	r3, [r4, #48]	@ movhi
  68 0076 C4ED017A 		vstr.32	s15, [r4, #4]
  69 007a FFF7FEFF 		bl	_ZN7daisysp10Oscillator12CalcPhaseIncEf
  70 007e 84ED090A 		vstr.32	s0, [r4, #36]
  71 0082 BDEC048B 		vldm	sp!, {d8-d9}
  72 0086 38BD     		pop	{r3, r4, r5, pc}
  73              	.L5:
  74              		.align	2
  75              	.L4:
  76 0088 0000C842 		.word	1120403456
  77 008c 00000000 		.word	0
  79              		.section	.text._ZN7daisysp7Tremolo7ProcessEf,"ax",%progbits
  80              		.align	1
  81              		.p2align 2,,3
  82              		.global	_ZN7daisysp7Tremolo7ProcessEf
  83              		.syntax unified
  84              		.thumb
  85              		.thumb_func
  87              	_ZN7daisysp7Tremolo7ProcessEf:
  88              		@ args = 0, pretend = 0, frame = 0
  89              		@ frame_needed = 0, uses_anonymous_args = 0
  90 0000 08B5     		push	{r3, lr}
  91 0002 0346     		mov	r3, r0
  92 0004 0830     		adds	r0, r0, #8
  93 0006 2DED028B 		vpush.64	{d8}
  94 000a D3ED018A 		vldr.32	s17, [r3, #4]
  95 000e B0EE408A 		vmov.f32	s16, s0
  96 0012 FFF7FEFF 		bl	_ZN7daisysp10Oscillator7ProcessEv
  97 0016 38EE800A 		vadd.f32	s0, s17, s0
  98 001a 20EE080A 		vmul.f32	s0, s0, s16
  99 001e BDEC028B 		vldm	sp!, {d8}
 100 0022 08BD     		pop	{r3, pc}
 102              		.section	.text._ZN7daisysp7Tremolo7SetFreqEf,"ax",%progbits
 103              		.align	1
 104              		.p2align 2,,3
 105              		.global	_ZN7daisysp7Tremolo7SetFreqEf
 106              		.syntax unified
 107              		.thumb
 108              		.thumb_func
 110              	_ZN7daisysp7Tremolo7SetFreqEf:
 111              		@ args = 0, pretend = 0, frame = 0
 112              		@ frame_needed = 0, uses_anonymous_args = 0
 113 0000 10B5     		push	{r4, lr}
 114 0002 0446     		mov	r4, r0
 115 0004 0830     		adds	r0, r0, #8
 116 0006 84ED040A 		vstr.32	s0, [r4, #16]
 117 000a FFF7FEFF 		bl	_ZN7daisysp10Oscillator12CalcPhaseIncEf
 118 000e 84ED090A 		vstr.32	s0, [r4, #36]
 119 0012 10BD     		pop	{r4, pc}
ARM GAS  /var/folders/mp/0fn2nbq56j336psbqn3dxy_w0000gn/T//cclwqDYV.s 			page 3


 121              		.section	.text._ZN7daisysp7Tremolo11SetWaveformEi,"ax",%progbits
 122              		.align	1
 123              		.p2align 2,,3
 124              		.global	_ZN7daisysp7Tremolo11SetWaveformEi
 125              		.syntax unified
 126              		.thumb
 127              		.thumb_func
 129              	_ZN7daisysp7Tremolo11SetWaveformEi:
 130              		@ args = 0, pretend = 0, frame = 0
 131              		@ frame_needed = 0, uses_anonymous_args = 0
 132              		@ link register save eliminated.
 133 0000 C9B2     		uxtb	r1, r1
 134 0002 0829     		cmp	r1, #8
 135 0004 28BF     		it	cs
 136 0006 0021     		movcs	r1, #0
 137 0008 0172     		strb	r1, [r0, #8]
 138 000a 7047     		bx	lr
 140              		.section	.text._ZN7daisysp7Tremolo8SetDepthEf,"ax",%progbits
 141              		.align	1
 142              		.p2align 2,,3
 143              		.global	_ZN7daisysp7Tremolo8SetDepthEf
 144              		.syntax unified
 145              		.thumb
 146              		.thumb_func
 148              	_ZN7daisysp7Tremolo8SetDepthEf:
 149              		@ args = 0, pretend = 0, frame = 0
 150              		@ frame_needed = 0, uses_anonymous_args = 0
 151              		@ link register save eliminated.
 152 0000 B6EE007A 		vmov.f32	s14, #5.0e-1
 153 0004 DFED086A 		vldr.32	s13, .L13
 154 0008 F7EE007A 		vmov.f32	s15, #1.0e+0
 155              		.syntax unified
 156              	@ 44 "Source/Utility/dsp.h" 1
 157 000c 80FE260A 		vmaxnm.f32 s0, s0, s13
 158              	@ 0 "" 2
 159              	@ 55 "Source/Utility/dsp.h" 1
 160 0010 80FE670A 		vminnm.f32 s0, s0, s15
 161              	@ 0 "" 2
 162              		.thumb
 163              		.syntax unified
 164 0014 20EE070A 		vmul.f32	s0, s0, s14
 165 0018 77EEC07A 		vsub.f32	s15, s15, s0
 166 001c 80ED030A 		vstr.32	s0, [r0, #12]
 167 0020 C0ED017A 		vstr.32	s15, [r0, #4]
 168 0024 7047     		bx	lr
 169              	.L14:
 170 0026 00BF     		.align	2
 171              	.L13:
 172 0028 00000000 		.word	0
 174              		.ident	"GCC: (GNU Arm Embedded Toolchain 10.3-2021.10) 10.3.1 20210824 (release)"
ARM GAS  /var/folders/mp/0fn2nbq56j336psbqn3dxy_w0000gn/T//cclwqDYV.s 			page 4


DEFINED SYMBOLS
                            *ABS*:0000000000000000 tremolo.cpp
/var/folders/mp/0fn2nbq56j336psbqn3dxy_w0000gn/T//cclwqDYV.s:17     .text._ZN7daisysp7Tremolo4InitEf:0000000000000000 $t
/var/folders/mp/0fn2nbq56j336psbqn3dxy_w0000gn/T//cclwqDYV.s:24     .text._ZN7daisysp7Tremolo4InitEf:0000000000000000 _ZN7daisysp7Tremolo4InitEf
/var/folders/mp/0fn2nbq56j336psbqn3dxy_w0000gn/T//cclwqDYV.s:76     .text._ZN7daisysp7Tremolo4InitEf:0000000000000088 $d
/var/folders/mp/0fn2nbq56j336psbqn3dxy_w0000gn/T//cclwqDYV.s:80     .text._ZN7daisysp7Tremolo7ProcessEf:0000000000000000 $t
/var/folders/mp/0fn2nbq56j336psbqn3dxy_w0000gn/T//cclwqDYV.s:87     .text._ZN7daisysp7Tremolo7ProcessEf:0000000000000000 _ZN7daisysp7Tremolo7ProcessEf
/var/folders/mp/0fn2nbq56j336psbqn3dxy_w0000gn/T//cclwqDYV.s:103    .text._ZN7daisysp7Tremolo7SetFreqEf:0000000000000000 $t
/var/folders/mp/0fn2nbq56j336psbqn3dxy_w0000gn/T//cclwqDYV.s:110    .text._ZN7daisysp7Tremolo7SetFreqEf:0000000000000000 _ZN7daisysp7Tremolo7SetFreqEf
/var/folders/mp/0fn2nbq56j336psbqn3dxy_w0000gn/T//cclwqDYV.s:122    .text._ZN7daisysp7Tremolo11SetWaveformEi:0000000000000000 $t
/var/folders/mp/0fn2nbq56j336psbqn3dxy_w0000gn/T//cclwqDYV.s:129    .text._ZN7daisysp7Tremolo11SetWaveformEi:0000000000000000 _ZN7daisysp7Tremolo11SetWaveformEi
/var/folders/mp/0fn2nbq56j336psbqn3dxy_w0000gn/T//cclwqDYV.s:141    .text._ZN7daisysp7Tremolo8SetDepthEf:0000000000000000 $t
/var/folders/mp/0fn2nbq56j336psbqn3dxy_w0000gn/T//cclwqDYV.s:148    .text._ZN7daisysp7Tremolo8SetDepthEf:0000000000000000 _ZN7daisysp7Tremolo8SetDepthEf
/var/folders/mp/0fn2nbq56j336psbqn3dxy_w0000gn/T//cclwqDYV.s:172    .text._ZN7daisysp7Tremolo8SetDepthEf:0000000000000028 $d

UNDEFINED SYMBOLS
_ZN7daisysp10Oscillator12CalcPhaseIncEf
_ZN7daisysp10Oscillator7ProcessEv
